Modelo: C5_Pyme_Max | parámetros: 14465 | umbral: 0.8
Entrenamiento: train+validation (175341 filas), 20 épocas, sin class_weight.

RESULTADOS DEL BASELINE CENTRALIZADO (TEST)
accuracy: 0.9062
precision: 0.9100
recall: 0.9206
f1_score: 0.9153
false_positive_rate: 0.1115
roc_auc: 0.9762
Matriz de confusión (0=benigno, 1=ataque):
[[32873  4127]
 [ 3598 41734]]
              precision    recall  f1-score   support

           0     0.9013    0.8885    0.8949     37000
           1     0.9100    0.9206    0.9153     45332

    accuracy                         0.9062     82332
   macro avg     0.9057    0.9045    0.9051     82332
weighted avg     0.9061    0.9062    0.9061     82332

Archivos generados:
results/re2/centralized/train/metrics.json
results/re2/centralized/train/training_history.csv
artifacts/predictions/centralized_predictions.csv
artifacts/models/centralized/unsw_nb15_baseline.keras
