CV con 3 folds sobre train+validation: (175341, 192); test aislado durante selección.
C1_Nano | fold 1/3 | best_epoch=19
C1_Nano | fold 2/3 | best_epoch=17
C1_Nano | fold 3/3 | best_epoch=19
C2_Micro_Base | fold 1/3 | best_epoch=19
C2_Micro_Base | fold 2/3 | best_epoch=17
C2_Micro_Base | fold 3/3 | best_epoch=20
C3_Micro_Robust_FL | fold 1/3 | best_epoch=11
C3_Micro_Robust_FL | fold 2/3 | best_epoch=20
C3_Micro_Robust_FL | fold 3/3 | best_epoch=20
C4_Micro_Slow_FL | fold 1/3 | best_epoch=19
C4_Micro_Slow_FL | fold 2/3 | best_epoch=20
C4_Micro_Slow_FL | fold 3/3 | best_epoch=20
C5_Pyme_Max | fold 1/3 | best_epoch=20
C5_Pyme_Max | fold 2/3 | best_epoch=18
C5_Pyme_Max | fold 3/3 | best_epoch=20
Figuras CV generadas (PNG y PDF): results/re2/centralized/tuning/figures
Ganador: C5_Pyme_Max | parámetros=14465 | umbral=0.80
CV: F1=0.9360 ± 0.0028, Recall=0.8904, FPR=0.0260 ± 0.0023
Épocas finales: 20 | Resultados: results/re2/centralized/tuning
